// Jest Snapshot v1, https://goo.gl/fbAQLP

exports[`Gift card details test suite Should create a snapshot of the GiftCardDetails  page 1`] = `
<DocumentFragment>
  <div
    class="MuiContainer-root MuiContainer-maxWidthXl mt-5 css-19r6kue-MuiContainer-root"
  >
    <div
      class="MuiPaper-root MuiPaper-elevation MuiPaper-rounded MuiPaper-elevation1 makeStyles-paper-1 css-1ps6pg7-MuiPaper-root"
    >
      <div
        class="MuiGrid-root MuiGrid-container MuiGrid-spacing-xs-4 css-480o17-MuiGrid-root"
      >
        <div
          class="MuiGrid-root MuiGrid-item MuiGrid-grid-xs-12 MuiGrid-grid-sm-6 MuiGrid-grid-md-4 css-11l5t4l-MuiGrid-root"
        >
          <div
            class="MuiGrid-root MuiGrid-container MuiGrid-spacing-xs-2 css-mhc70k-MuiGrid-root"
          >
            <div
              class="MuiGrid-root MuiGrid-item MuiGrid-grid-xs-12 MuiGrid-grid-sm-12 css-1idn90j-MuiGrid-root"
            >
              <img
                alt="Card Img Details"
                class="img-fluid img-thumbnail"
                width="100%"
              />
            </div>
            <div
              class="MuiGrid-root MuiGrid-item MuiGrid-grid-xs-12 MuiGrid-grid-sm-12 css-1idn90j-MuiGrid-root"
            >
              <hr
                class="MuiDivider-root MuiDivider-fullWidth mb-2 css-9mgopn-MuiDivider-root"
              />
              <button
                class="MuiButton-root MuiButton-contained MuiButton-containedPrimary MuiButton-sizeMedium MuiButton-containedSizeMedium MuiButton-fullWidth MuiButtonBase-root  css-1fu7jd5-MuiButtonBase-root-MuiButton-root"
                tabindex="0"
                type="button"
              >
                Send The Gift
                <span
                  class="MuiTouchRipple-root css-8je8zh-MuiTouchRipple-root"
                />
              </button>
              <table
                class="table table-dark mt-1 table-borderless"
              >
                <tbody>
                  <tr>
                    <td>
                      <span
                        class="MuiTypography-root MuiTypography-p css-1kbbegv-MuiTypography-root"
                      >
                        <strong>
                          Gift Card Number
                        </strong>
                      </span>
                    </td>
                    <td>
                      #GIFT-2123
                    </td>
                  </tr>
                  <tr>
                    <td>
                      <span
                        class="MuiTypography-root MuiTypography-p css-1kbbegv-MuiTypography-root"
                      >
                        <strong>
                          Gift Card Value
                        </strong>
                      </span>
                    </td>
                    <td>
                      $ 
                    </td>
                  </tr>
                  <tr>
                    <td>
                      <span
                        class="MuiTypography-root MuiTypography-p css-1kbbegv-MuiTypography-root"
                      >
                        <strong>
                          Gift Card Expiry Date
                        </strong>
                      </span>
                    </td>
                    <td>
                      April 29th 2022
                    </td>
                  </tr>
                  <tr>
                    <td>
                      <span
                        class="MuiTypography-root MuiTypography-p css-1kbbegv-MuiTypography-root"
                      >
                        <strong>
                          Available Cards
                        </strong>
                      </span>
                    </td>
                    <td>
                      <span
                        class="badge bg-gradient badge-pill bg-danger"
                      />
                    </td>
                  </tr>
                </tbody>
              </table>
            </div>
          </div>
        </div>
        <div
          class="MuiGrid-root MuiGrid-item MuiGrid-grid-xs-12 MuiGrid-grid-sm-6 MuiGrid-grid-md-8 css-so71yv-MuiGrid-root"
        >
          <div
            class="MuiBox-root css-0"
          >
            <h4
              class="MuiTypography-root MuiTypography-h4 css-5lbw0b-MuiTypography-root"
            >
               - 
              <small>
                 
              </small>
            </h4>
          </div>
          <div
            class="mt-2 MuiBox-root css-0"
          >
            <span
              class="MuiTypography-root MuiTypography-body css-37jdci-MuiTypography-root"
            />
          </div>
          <hr
            class="MuiDivider-root MuiDivider-fullWidth my-2 css-9mgopn-MuiDivider-root"
          />
          <div
            class="makeStyles-maxImageHeight-2 MuiBox-root css-0"
          >
            <h6
              class="MuiTypography-root MuiTypography-h6 css-2ulfj5-MuiTypography-root"
            >
              Rating & Reviews
            </h6>
          </div>
          <div
            class="MuiPaper-root MuiPaper-elevation MuiPaper-rounded MuiPaper-elevation10 css-10kr5gr-MuiPaper-root"
          >
            <div
              class="my-2"
            >
              <h6
                class="MuiTypography-root MuiTypography-h6 css-2ulfj5-MuiTypography-root"
              >
                Add Comment
              </h6>
              <span
                class="MuiTypography-root MuiTypography-body css-37jdci-MuiTypography-root"
              >
                Please add your comment here.
              </span>
            </div>
            <div
              class="dv-star-rating"
              style="display: inline-block; position: relative;"
            >
              <input
                class="dv-star-rating-input"
                id="rating_5"
                name="rating"
                style="display: none; position: absolute; margin-left: -9999px;"
                type="radio"
                value="5"
              />
              <label
                class="dv-star-rating-star dv-star-rating-empty-star"
                for="rating_5"
                style="float: right; cursor: pointer; color: rgba(255, 255, 255, 1);"
              >
                <i
                  style="font-style: normal;"
                >
                  ★
                </i>
              </label>
              <input
                class="dv-star-rating-input"
                id="rating_4"
                name="rating"
                style="display: none; position: absolute; margin-left: -9999px;"
                type="radio"
                value="4"
              />
              <label
                class="dv-star-rating-star dv-star-rating-empty-star"
                for="rating_4"
                style="float: right; cursor: pointer; color: rgba(255, 255, 255, 1);"
              >
                <i
                  style="font-style: normal;"
                >
                  ★
                </i>
              </label>
              <input
                class="dv-star-rating-input"
                id="rating_3"
                name="rating"
                style="display: none; position: absolute; margin-left: -9999px;"
                type="radio"
                value="3"
              />
              <label
                class="dv-star-rating-star dv-star-rating-empty-star"
                for="rating_3"
                style="float: right; cursor: pointer; color: rgba(255, 255, 255, 1);"
              >
                <i
                  style="font-style: normal;"
                >
                  ★
                </i>
              </label>
              <input
                class="dv-star-rating-input"
                id="rating_2"
                name="rating"
                style="display: none; position: absolute; margin-left: -9999px;"
                type="radio"
                value="2"
              />
              <label
                class="dv-star-rating-star dv-star-rating-empty-star"
                for="rating_2"
                style="float: right; cursor: pointer; color: rgba(255, 255, 255, 1);"
              >
                <i
                  style="font-style: normal;"
                >
                  ★
                </i>
              </label>
              <input
                class="dv-star-rating-input"
                id="rating_1"
                name="rating"
                style="display: none; position: absolute; margin-left: -9999px;"
                type="radio"
                value="1"
              />
              <label
                class="dv-star-rating-star dv-star-rating-empty-star"
                for="rating_1"
                style="float: right; cursor: pointer; color: rgba(255, 255, 255, 1);"
              >
                <i
                  style="font-style: normal;"
                >
                  ★
                </i>
              </label>
            </div>
            <div
              aria-label="your comments"
              class="MuiFormControl-root MuiFormControl-fullWidth MuiTextField-root css-wb57ya-MuiFormControl-root-MuiTextField-root"
            >
              <label
                class="MuiInputLabel-root MuiInputLabel-formControl MuiInputLabel-animated MuiInputLabel-outlined MuiFormLabel-root MuiFormLabel-colorPrimary Mui-required css-14s5rfu-MuiFormLabel-root-MuiInputLabel-root"
                data-shrink="false"
                for="outlined-pass-comments-static"
                id="outlined-pass-comments-static-label"
              >
                Your valuable comments...
                <span
                  aria-hidden="true"
                  class="MuiInputLabel-asterisk MuiFormLabel-asterisk css-wgai2y-MuiFormLabel-asterisk"
                >
                   *
                </span>
              </label>
              <div
                class="MuiOutlinedInput-root MuiInputBase-root MuiInputBase-colorPrimary MuiInputBase-fullWidth MuiInputBase-formControl MuiInputBase-multiline css-8ewcdo-MuiInputBase-root-MuiOutlinedInput-root"
              >
                <textarea
                  aria-invalid="false"
                  class="MuiOutlinedInput-input MuiInputBase-input MuiInputBase-inputMultiline css-1sqnrkk-MuiInputBase-input-MuiOutlinedInput-input"
                  id="outlined-pass-comments-static"
                  name="comment"
                  required=""
                  rows="4"
                  style="height: 0px; overflow: hidden;"
                />
                <textarea
                  aria-hidden="true"
                  class="MuiOutlinedInput-input MuiInputBase-input MuiInputBase-inputMultiline css-1sqnrkk-MuiInputBase-input-MuiOutlinedInput-input"
                  readonly=""
                  style="visibility: hidden; position: absolute; overflow: hidden; height: 0px; top: 0px; left: 0px; transform: translateZ(0); padding: 0px; width: 100%;"
                  tabindex="-1"
                />
                <fieldset
                  aria-hidden="true"
                  class="MuiOutlinedInput-notchedOutline css-1d3z3hw-MuiOutlinedInput-notchedOutline"
                >
                  <legend
                    class="css-1ftyaf0"
                  >
                    <span>
                      Your valuable comments... *
                    </span>
                  </legend>
                </fieldset>
              </div>
            </div>
            <button
              class="MuiButton-root MuiButton-contained MuiButton-containedPrimary MuiButton-sizeMedium MuiButton-containedSizeMedium MuiButton-fullWidth MuiButtonBase-root btn-comment mt-2 css-1fu7jd5-MuiButtonBase-root-MuiButton-root"
              tabindex="0"
              type="button"
            >
              Add Comment
              <span
                class="MuiTouchRipple-root css-8je8zh-MuiTouchRipple-root"
              />
            </button>
          </div>
        </div>
      </div>
    </div>
  </div>
</DocumentFragment>
`;
