// Jest Snapshot v1, https://goo.gl/fbAQLP

exports[`NotFound component suite case Should render the component snapshot 1`] = `"<section class=\\"page_404\\"><div class=\\"container\\"><div class=\\"row\\"><div class=\\"col-sm-12 \\"><div class=\\"col-sm-12 text-center\\"><div class=\\"four_zero_four_bg\\"><h1 class=\\"text-center \\">404</h1></div><div class=\\"contant_box_404\\"><h3 class=\\"h2\\">Look like you are lost</h3><p>the page you are looking for not available!</p><a class=\\"link_404\\" href=\\"/\\">Go to Home</a></div></div></div></div></div></section>"`;
