// Jest Snapshot v1, https://goo.gl/fbAQLP

exports[`Test suite for the Email Sending Modal Should create a snapshot of the SendEmailModal 1`] = `<DocumentFragment />`;
