// Jest Snapshot v1, https://goo.gl/fbAQLP

exports[`Layout test suite Should create a snapshot of the layout  page 1`] = `"<div class=\\"makeStyles-root-3\\"><header class=\\"MuiPaper-root MuiPaper-elevation MuiPaper-elevation4 MuiAppBar-root MuiAppBar-colorPrimary MuiAppBar-positionFixed makeStyles-appBar-6 mui-fixed css-11b3ww9-MuiPaper-root-MuiAppBar-root\\"><div class=\\"MuiToolbar-root MuiToolbar-gutters MuiToolbar-regular css-1t29gy6-MuiToolbar-root\\"><button class=\\"MuiButtonBase-root MuiIconButton-root MuiIconButton-colorInherit MuiIconButton-edgeStart MuiIconButton-sizeMedium makeStyles-menuButton-4 makeStyles-hiddenBigScreen-18 css-1d6w9lk-MuiButtonBase-root-MuiIconButton-root\\" tabindex=\\"0\\" type=\\"button\\" aria-label=\\"menu\\"><svg class=\\"MuiSvgIcon-root MuiSvgIcon-fontSizeMedium css-i4bv87-MuiSvgIcon-root\\" focusable=\\"false\\" aria-hidden=\\"true\\" viewBox=\\"0 0 24 24\\" data-testid=\\"MenuIcon\\"><path d=\\"M3 18h18v-2H3v2zm0-5h18v-2H3v2zm0-7v2h18V6H3z\\"></path></svg><span class=\\"MuiTouchRipple-root css-8je8zh-MuiTouchRipple-root\\"></span></button><h6 class=\\"MuiTypography-root MuiTypography-h6 makeStyles-title-5 css-2ulfj5-MuiTypography-root\\">YoYo Gifting</h6><div class=\\"makeStyles-hiddenSmallScreen-17 d-none\\"><a class=\\"MuiButton-root MuiButton-text MuiButton-textPrimary MuiButton-sizeMedium MuiButton-textSizeMedium MuiButtonBase-root  css-1e6y48t-MuiButtonBase-root-MuiButton-root\\" tabindex=\\"0\\" href=\\"/\\"> Home <span class=\\"MuiTouchRipple-root css-8je8zh-MuiTouchRipple-root\\"></span></a><a class=\\"MuiButton-root MuiButton-text MuiButton-textInherit MuiButton-sizeMedium MuiButton-textSizeMedium MuiButton-colorInherit MuiButtonBase-root  css-1y942vo-MuiButtonBase-root-MuiButton-root\\" tabindex=\\"0\\" href=\\"/gift-received\\"> Gift Received <span class=\\"MuiTouchRipple-root css-8je8zh-MuiTouchRipple-root\\"></span></a><a class=\\"MuiButton-root MuiButton-text MuiButton-textInherit MuiButton-sizeMedium MuiButton-textSizeMedium MuiButton-colorInherit MuiButtonBase-root  css-1y942vo-MuiButtonBase-root-MuiButton-root\\" tabindex=\\"0\\" href=\\"/gift-sent\\"> Gift Sent <span class=\\"MuiTouchRipple-root css-8je8zh-MuiTouchRipple-root\\"></span></a></div><div class=\\"makeStyles-signedInUser-16\\"><p class=\\"MuiTypography-root MuiTypography-body1 css-18brw8f-MuiTypography-root\\">Hello, Guest!</p></div><div class=\\"makeStyles-signedInUser-16 makeStyles-hideMenu-19\\"><svg class=\\"MuiSvgIcon-root MuiSvgIcon-fontSizeMedium css-i4bv87-MuiSvgIcon-root\\" focusable=\\"false\\" aria-hidden=\\"true\\" viewBox=\\"0 0 24 24\\" data-testid=\\"AccountCircleIcon\\" aria-haspopup=\\"true\\"><path d=\\"M12 2C6.48 2 2 6.48 2 12s4.48 10 10 10 10-4.48 10-10S17.52 2 12 2zm0 3c1.66 0 3 1.34 3 3s-1.34 3-3 3-3-1.34-3-3 1.34-3 3-3zm0 14.2c-2.5 0-4.71-1.28-6-3.22.03-1.99 4-3.08 6-3.08 1.99 0 5.97 1.09 6 3.08-1.29 1.94-3.5 3.22-6 3.22z\\"></path></svg></div><div><a class=\\"MuiButton-root MuiButton-text MuiButton-textInherit MuiButton-sizeMedium MuiButton-textSizeMedium MuiButton-colorInherit MuiButtonBase-root  css-1y942vo-MuiButtonBase-root-MuiButton-root\\" tabindex=\\"0\\" href=\\"/login\\">Login<span class=\\"MuiTouchRipple-root css-8je8zh-MuiTouchRipple-root\\"></span></a></div></div></header><nav class=\\"makeStyles-navDrawer-10\\"><div class=\\"MuiPaper-root MuiPaper-elevation MuiPaper-rounded MuiPaper-elevation1 makeStyles-drawerPaper-9 css-joixkg-MuiPaper-root\\"></div></nav></div><div class=\\"makeStyles-page-1\\"><div class=\\"makeStyles-toolbar-2\\"></div></div><footer class=\\"mt-3\\"><p class=\\"MuiTypography-root MuiTypography-body2 MuiTypography-alignCenter css-1vl95ex-MuiTypography-root\\">Made with ❤️ by Shrdha. Copyright © <a color=\\"inherit\\" href=\\"/\\">Your Website</a> 2022.</p></footer><div class=\\"Toastify\\"></div><div><div aria-hidden=\\"true\\" class=\\"MuiBackdrop-root css-1ji7omv-MuiBackdrop-root\\" style=\\"opacity: 0; visibility: hidden;\\"><span class=\\"MuiCircularProgress-root MuiCircularProgress-indeterminate MuiCircularProgress-colorPrimary css-18lrjg1-MuiCircularProgress-root\\" style=\\"width: 40px; height: 40px;\\" role=\\"progressbar\\"><svg class=\\"MuiCircularProgress-svg css-1idz92c-MuiCircularProgress-svg\\" viewBox=\\"22 22 44 44\\"><circle class=\\"MuiCircularProgress-circle MuiCircularProgress-circleIndeterminate css-176wh8e-MuiCircularProgress-circle\\" cx=\\"44\\" cy=\\"44\\" r=\\"20.2\\" fill=\\"none\\" stroke-width=\\"3.6\\"></circle></svg></span></div></div>"`;
