// Jest Snapshot v1, https://goo.gl/fbAQLP

exports[`Navbar Test Suite Testing Should able to capture the snapshot of the Navbar 1`] = `
<DocumentFragment>
  <nav>
    <div
      class="MuiPaper-root MuiPaper-elevation MuiPaper-rounded MuiPaper-elevation1 css-joixkg-MuiPaper-root"
    />
  </nav>
</DocumentFragment>
`;
